2026-10-03T11:40:35.1662652Z shell: /usr/bin/bash --noprofile --norc -e -o pipefail {0}
2026-10-03T11:40:35.1663211Z ##[endgroup]
2026-10-03T11:40:46.7121234Z ?   	filemanager/engine/api	[no test files]
2026-10-03T11:40:49.1554124Z ok  	filemanager/engine/benchmarks	0.294s
2026-10-03T11:40:50.0150779Z ok  	filemanager/engine/cmd/fileman-engine	0.004s
2026-10-03T11:40:50.0152011Z ok  	filemanager/engine/internal/catalog	0.003s
2026-10-03T11:40:50.0152610Z ok  	filemanager/engine/internal/deployment	0.002s
2026-10-03T11:40:50.0213827Z ok  	filemanager/engine/internal/exact	0.009s
2026-10-03T11:40:51.6175979Z ok  	filemanager/engine/internal/generation	0.693s
2026-10-03T11:40:51.6181427Z ok  	filemanager/engine/internal/identity	0.023s
2026-10-03T11:40:51.6182217Z ok  	filemanager/engine/internal/live	0.030s
2026-10-03T11:40:51.6183030Z ok  	filemanager/engine/internal/observation	0.023s
2026-10-03T11:40:51.6183802Z ?   	filemanager/engine/internal/observation/fsevents	[no test files]
2026-10-03T11:40:51.6187871Z ?   	filemanager/engine/internal/observation/rdcw	[no test files]
2026-10-03T11:40:51.6188552Z ok  	filemanager/engine/internal/ownership	0.002s
2026-10-03T11:40:51.6189148Z ?   	filemanager/engine/internal/ranking	[no test files]
2026-10-03T11:40:51.6189742Z ok  	filemanager/engine/internal/sandbox	0.011s
2026-10-03T11:40:51.6190468Z ok  	filemanager/engine/internal/scan	0.003s
2026-10-03T11:40:51.9583406Z --- FAIL: TestBackgroundObservationBaselineGapAndStopState (0.01s)
2026-10-03T11:40:51.9609593Z     background_test.go:84: baseline status={Protocol:engine.v0 Generation:1 Ready:false Sandboxed:true Lifecycle:{State:ready Generation:1 InstanceID:6fb60edec83e4cf7a8c07c6834da9360 StartedAt:2026-10-03 11:40:51.76463337 +0000 UTC} Work:{Phase:idle ActiveRequests:0 ActiveQueries:0 ActiveAdministrative:0 BackgroundIngestion:true BacklogKnown:true PendingObservations:0 OldestObservationMS:0 ObservationGap:false Currentness:current_volatile ObservationSource:fixture ObservationEpoch:boot-1 ObservedWatermark:10 ReconciledWatermark:10 WatermarkDurable:false CoverageIncomplete:false ObservationError:} Configuration:{SchemaMajor:0 SchemaMinor:1 Schema:fileman.engine.effective-configuration Digest:7569733eafe780a8d07a7e984e5f107aa6549c1f09d43dde1944de576adf3c99 Deployment:development_sandbox Sandboxed:true Persistent:false StoreOutsideRoots:true IngestionMode:native_adapter_experimental RootPolicy:[{ID:docs Path:/tmp/TestBackgroundObservationBaselineGapAndStopState3872892541/001/observed}] RootPolicyPersistent:false} Capabilities:[{ID:engine.lifecycle State:available Revision:0.1 Reason:} {ID:engine.configuration.inspect State:available Revision:0.1 Reason:} {ID:engine.exact.catalogue State:available Revision:reference-v1 Reason:} {ID:engine.exact.query State:available Revision:engine.v0 Reason:} {ID:engine.live.query State:available Revision:name-path-v0.1 Reason:} {ID:engine.ordered_metadata State:available Revision:reference-v1 Reason:} {ID:engine.root_policy State:available Revision:development-sandbox-v0 Reason:} {ID:engine.scan.reconcile State:available Revision:metadata-full-scan-v0 Reason:} {ID:engine.durable.immutable_generation State:unavailable Revision:v1 Reason:persistent store is not enabled for this process instance} {ID:engine.delta_publication State:available_experimental Revision:component-only Reason:not admitted to the live manifest or service} {ID:engine.lexical.index State:unavailable Revision: Reason:M3 lexical dictionary and postings are not implemented} {ID:engine.content_feature.intake State:deferred Revision: Reason:anchored fragment/provider input contract is not reconciled} {ID:engine.fragment.descriptor State:deferred Revision: Reason:content-fragment boundaries, anchors, privacy policy, and descriptor lifecycle are not reconciled} {ID:engine.similarity.fixed_width State:available_experimental Revision:history-tuple-0.1 Reason:candidate channel is not admitted to the public planner} {ID:engine.background.observation State:available_experimental Revision:portable-coalescer-0.2+macos-fsevents-0.2+windows-rdcw-0.1 Reason:bounded macOS and Windows native adapters exist, but coverage is incomplete, the watermark is volatile, Linux is absent, and Windows has compatibility-only validation} {ID:engine.status.subscribe State:negotiating Revision: Reason:bounded replay and overflow fixtures remain red} {ID:engine.transport.framed_local State:deferred Revision:ENG1-v1 Reason:installed authenticated endpoint is not active in development sandbox mode} {ID:engine.supervisor.launchd State:unavailable Revision:host-bound-v1 Reason:host-bound launchd projection is not active for this process} {ID:contract.ORC-LIF-001 State:available Revision:semantic-v0.1 Reason:} {ID:contract.ORC-ENG-001 State:available Revision:semantic-v0.1 Reason:} {ID:contract.ORC-ENG-002 State:available Revision:semantic-v0.1 Reason:} {ID:contract.ORC-ENG-003 State:available Revision:snapshot-v0.1 Reason:} {ID:contract.ORC-ENG-004 State:available Revision:semantic-v0.1 Reason:}] Roots:[docs] RootStates:[{Root:{ID:docs Path:/tmp/TestBackgroundObservationBaselineGapAndStopState3872892541/001/observed} Generation:0 Records:0 Indexed:false Stale:true LightModeThreshold:65536 LightDirectories:0 Warning:}] Warnings:[background currentness is volatile; the live generation manifest does not yet commit its observation watermark]}
2026-10-03T11:40:51.9630661Z FAIL
2026-10-03T11:40:51.9631132Z FAIL	filemanager/engine/internal/service	0.195s
2026-10-03T11:40:51.9631726Z ok  	filemanager/engine/internal/similarity	0.056s
2026-10-03T11:40:51.9632322Z ok  	filemanager/engine/internal/transport	0.008s
2026-10-03T11:40:52.0269761Z ok  	filemanager/engine/internal/workload	0.177s
2026-10-03T11:40:52.0270403Z FAIL
2026-10-03T11:40:52.0661420Z ##[error]Process completed with exit code 1.
2026-10-03T11:40:52.0843246Z ##[group]Run actions/upload-artifact@v4
