2026-10-03T05:02:27.5079324Z + ctest --test-dir D:/a/file_manager/file_manager/.build/native-windows-x64/frontend --output-on-failure --timeout 120
2026-10-03T05:02:27.5301402Z Test project D:/a/file_manager/file_manager/.build/native-windows-x64/frontend
2026-10-03T05:02:27.5327184Z       Start  1: file_manager_windows_platform_tests
2026-10-03T05:02:27.5497994Z  1/13 Test  #1: file_manager_windows_platform_tests ..........   Passed    0.02 sec
2026-10-03T05:02:27.5503390Z       Start  2: file_manager_frontend_model_tests
2026-10-03T05:02:27.5712358Z  2/13 Test  #2: file_manager_frontend_model_tests ............   Passed    0.02 sec
2026-10-03T05:02:27.5714629Z       Start  3: file_manager_file_operations_tests
2026-10-03T05:02:27.5859098Z  3/13 Test  #3: file_manager_file_operations_tests ...........***Failed    0.01 sec
2026-10-03T05:02:27.5860062Z publishing a source symlink must move the leaf without touching its target
2026-10-03T05:02:27.5860594Z 
2026-10-03T05:02:27.5861605Z       Start  4: file_manager_internal_drag_tests
2026-10-03T05:02:27.5931338Z  4/13 Test  #4: file_manager_internal_drag_tests .............   Passed    0.01 sec
2026-10-03T05:02:27.5933643Z       Start  5: file_manager_checksum_tests
2026-10-03T05:02:27.6089121Z  5/13 Test  #5: file_manager_checksum_tests ..................   Passed    0.02 sec
2026-10-03T05:02:27.6091846Z       Start  6: file_manager_platform_commands_tests
2026-10-03T05:02:27.6228659Z  6/13 Test  #6: file_manager_platform_commands_tests .........   Passed    0.01 sec
2026-10-03T05:02:27.6230979Z       Start  7: file_manager_preview_tests
2026-10-03T05:02:27.6423757Z  7/13 Test  #7: file_manager_preview_tests ...................   Passed    0.02 sec
2026-10-03T05:02:27.6425905Z       Start  8: file_manager_document_picker_tests
2026-10-03T05:02:27.7111761Z  8/13 Test  #8: file_manager_document_picker_tests ...........   Passed    0.07 sec
2026-10-03T05:02:27.7114044Z       Start  9: file_manager_document_picker_view_tests
2026-10-03T05:02:27.7531237Z  9/13 Test  #9: file_manager_document_picker_view_tests ......   Passed    0.04 sec
2026-10-03T05:02:27.7533702Z       Start 10: file_manager_house_art_tests
2026-10-03T05:02:27.7686132Z 10/13 Test #10: file_manager_house_art_tests .................   Passed    0.01 sec
2026-10-03T05:02:27.7688299Z       Start 11: file_manager_object_order_tests
2026-10-03T05:02:27.7794349Z 11/13 Test #11: file_manager_object_order_tests ..............   Passed    0.01 sec
2026-10-03T05:02:27.7796386Z       Start 12: file_manager_application_interaction_tests
2026-10-03T05:02:29.9443578Z 12/13 Test #12: file_manager_application_interaction_tests ...   Passed    2.16 sec
2026-10-03T05:02:29.9446384Z       Start 13: orchestrator-cpp-search-checks
2026-10-03T05:02:29.9529753Z 13/13 Test #13: orchestrator-cpp-search-checks ...............   Passed    0.01 sec
2026-10-03T05:02:29.9535289Z 
2026-10-03T05:02:29.9535684Z 92% tests passed, 1 tests failed out of 13
2026-10-03T05:02:29.9536058Z 
2026-10-03T05:02:29.9536235Z Total Test time (real) =   2.42 sec
2026-10-03T05:02:29.9536538Z 
2026-10-03T05:02:29.9537594Z The following tests FAILED:
2026-10-03T05:02:29.9537963Z 	  3 - file_manager_file_operations_tests (Failed)
2026-10-03T05:02:29.9542195Z Errors while running CTest
