framing (windows-2022)	Check format, semantics and warnings	﻿2026-10-04T04:04:33.5576600Z ##[group]Run cargo +1.87.0 fmt --manifest-path orchestrator/experiments/preview_frame/Cargo.toml -- --check
framing (windows-2022)	Check format, semantics and warnings	2026-10-04T04:04:33.5577452Z ^[[36;1mcargo +1.87.0 fmt --manifest-path orchestrator/experiments/preview_frame/Cargo.toml -- --check^[[0m
framing (windows-2022)	Check format, semantics and warnings	2026-10-04T04:04:33.5578318Z ^[[36;1mcargo +1.87.0 test --manifest-path orchestrator/experiments/preview_frame/Cargo.toml --locked --offline --jobs 2 --target-dir orchestrator/.build/preview-frame^[[0m
framing (windows-2022)	Check format, semantics and warnings	2026-10-04T04:04:33.5579531Z ^[[36;1mcargo +1.87.0 clippy --manifest-path orchestrator/experiments/preview_frame/Cargo.toml --locked --offline --all-targets --all-features --jobs 2 --target-dir orchestrator/.build/preview-frame -- -D warnings^[[0m
framing (windows-2022)	Check format, semantics and warnings	2026-10-04T04:04:33.5591307Z shell: C:\Program Files\Git\bin\bash.EXE --noprofile --norc -e -o pipefail {0}
framing (windows-2022)	Check format, semantics and warnings	2026-10-04T04:04:33.5591698Z ##[endgroup]
framing (windows-2022)	Check format, semantics and warnings	2026-10-04T04:04:35.1087106Z    Compiling file-manager-preview-frame-lab v0.0.0 (D:\a\file_manager\file_manager\orchestrator\experiments\preview_frame)
framing (windows-2022)	Check format, semantics and warnings	2026-10-04T04:04:37.7845188Z     Finished `test` profile [unoptimized + debuginfo] target(s) in 2.75s
framing (windows-2022)	Check format, semantics and warnings	2026-10-04T04:04:37.7854402Z      Running unittests src\lib.rs (orchestrator/.build/preview-frame\debug\deps\file_manager_preview_frame_lab-987b7cbf2cf6eb90.exe)
framing (windows-2022)	Check format, semantics and warnings	2026-10-04T04:04:37.7930081Z
framing (windows-2022)	Check format, semantics and warnings	2026-10-04T04:04:37.7930521Z running 0 tests
framing (windows-2022)	Check format, semantics and warnings	2026-10-04T04:04:37.7930772Z
framing (windows-2022)	Check format, semantics and warnings	2026-10-04T04:04:37.7931493Z test result: ok. 0 passed; 0 failed; 0 ignored; 0 measured; 0 filtered out; finished in 0.00s
framing (windows-2022)	Check format, semantics and warnings	2026-10-04T04:04:37.7931848Z
framing (windows-2022)	Check format, semantics and warnings	2026-10-04T04:04:37.7945548Z      Running unittests src\bin\consume.rs (orchestrator/.build/preview-frame\debug\deps\consume-efe4354747040877.exe)
framing (windows-2022)	Check format, semantics and warnings	2026-10-04T04:04:37.8009580Z
framing (windows-2022)	Check format, semantics and warnings	2026-10-04T04:04:37.8010044Z running 0 tests
framing (windows-2022)	Check format, semantics and warnings	2026-10-04T04:04:37.8010714Z
framing (windows-2022)	Check format, semantics and warnings	2026-10-04T04:04:37.8010983Z test result: ok. 0 passed; 0 failed; 0 ignored; 0 measured; 0 filtered out; finished in 0.00s
framing (windows-2022)	Check format, semantics and warnings	2026-10-04T04:04:37.8011315Z
framing (windows-2022)	Check format, semantics and warnings	2026-10-04T04:04:37.8024124Z      Running tests\framing.rs (orchestrator/.build/preview-frame\debug\deps\framing-79bd7ef6b422cf0b.exe)
framing (windows-2022)	Check format, semantics and warnings	2026-10-04T04:04:37.8088806Z
framing (windows-2022)	Check format, semantics and warnings	2026-10-04T04:04:37.8089317Z running 6 tests
framing (windows-2022)	Check format, semantics and warnings	2026-10-04T04:04:37.8094177Z test invalid_header_fields_and_extreme_products_are_refused ... ok
framing (windows-2022)	Check format, semantics and warnings	2026-10-04T04:04:37.8095041Z test every_short_extent_is_truncated ... ok
framing (windows-2022)	Check format, semantics and warnings	2026-10-04T04:04:37.8095776Z test every_split_and_single_byte_delivery_preserve_pixels ... ok
framing (windows-2022)	Check format, semantics and warnings	2026-10-04T04:04:37.8097848Z test terminal_statuses_require_empty_geometry_and_payload ... ok
framing (windows-2022)	Check format, semantics and warnings	2026-10-04T04:04:37.8098598Z test trailing_frames_and_nonopaque_bytes_never_publish ... ok
framing (windows-2022)	Check format, semantics and warnings	2026-10-04T04:04:37.8587578Z test maximum_raster_is_admitted_and_zero_tickets_are_refused ... ok
framing (windows-2022)	Check format, semantics and warnings	2026-10-04T04:04:37.8587920Z
framing (windows-2022)	Check format, semantics and warnings	2026-10-04T04:04:37.8588156Z test result: ok. 6 passed; 0 failed; 0 ignored; 0 measured; 0 filtered out; finished in 0.05s
framing (windows-2022)	Check format, semantics and warnings	2026-10-04T04:04:37.8588531Z
framing (windows-2022)	Check format, semantics and warnings	2026-10-04T04:04:37.8602750Z    Doc-tests file_manager_preview_frame_lab
framing (windows-2022)	Check format, semantics and warnings	2026-10-04T04:04:38.0028577Z
framing (windows-2022)	Check format, semantics and warnings	2026-10-04T04:04:38.0029536Z running 0 tests
framing (windows-2022)	Check format, semantics and warnings	2026-10-04T04:04:38.0030217Z
framing (windows-2022)	Check format, semantics and warnings	2026-10-04T04:04:38.0030664Z test result: ok. 0 passed; 0 failed; 0 ignored; 0 measured; 0 filtered out; finished in 0.00s
framing (windows-2022)	Check format, semantics and warnings	2026-10-04T04:04:38.0031029Z
framing (windows-2022)	Check format, semantics and warnings	2026-10-04T04:04:38.8657475Z     Checking file-manager-preview-frame-lab v0.0.0 (D:\a\file_manager\file_manager\orchestrator\experiments\preview_frame)
framing (windows-2022)	Check format, semantics and warnings	2026-10-04T04:04:39.1525321Z     Finished `dev` profile [unoptimized + debuginfo] target(s) in 0.35s
framing (windows-2022)	Build independent C++ producer	﻿2026-10-04T04:04:39.1994034Z ##[group]Run cmake -S orchestrator/experiments/preview_frame/fixture -B orchestrator/.build/preview-frame-fixture -DCMAKE_BUILD_TYPE=Release
framing (windows-2022)	Build independent C++ producer	2026-10-04T04:04:39.1995088Z ^[[36;1mcmake -S orchestrator/experiments/preview_frame/fixture -B orchestrator/.build/preview-frame-fixture -DCMAKE_BUILD_TYPE=Release^[[0m
framing (windows-2022)	Build independent C++ producer	2026-10-04T04:04:39.1995853Z ^[[36;1mcmake --build orchestrator/.build/preview-frame-fixture --config Release --parallel 2^[[0m
framing (windows-2022)	Build independent C++ producer	2026-10-04T04:04:39.2007105Z shell: C:\Program Files\Git\bin\bash.EXE --noprofile --norc -e -o pipefail {0}
framing (windows-2022)	Build independent C++ producer	2026-10-04T04:04:39.2007497Z ##[endgroup]
framing (windows-2022)	Build independent C++ producer	2026-10-04T04:04:39.8162492Z -- Building for: Visual Studio 17 2022
framing (windows-2022)	Build independent C++ producer	2026-10-04T04:04:40.0238640Z -- Selecting Windows SDK version 10.0.26100.0 to target Windows 10.0.20348.
framing (windows-2022)	Build independent C++ producer	2026-10-04T04:04:48.7219387Z -- The CXX compiler identification is MSVC 19.44.35229.0
framing (windows-2022)	Build independent C++ producer	2026-10-04T04:04:48.8738768Z -- Detecting CXX compiler ABI info
framing (windows-2022)	Build independent C++ producer	2026-10-04T04:04:49.8450013Z -- Detecting CXX compiler ABI info - done
framing (windows-2022)	Build independent C++ producer	2026-10-04T04:04:49.8593158Z -- Check for working CXX compiler: C:/Program Files/Microsoft Visual Studio/2022/Enterprise/VC/Tools/MSVC/14.44.35207/bin/Hostx64/x64/cl.exe - skipped
framing (windows-2022)	Build independent C++ producer	2026-10-04T04:04:49.8608131Z -- Detecting CXX compile features
framing (windows-2022)	Build independent C++ producer	2026-10-04T04:04:49.8658648Z -- Detecting CXX compile features - done
framing (windows-2022)	Build independent C++ producer	2026-10-04T04:04:49.8817122Z -- Configuring done (10.1s)
framing (windows-2022)	Build independent C++ producer	2026-10-04T04:04:49.8975522Z -- Generating done (0.0s)
framing (windows-2022)	Build independent C++ producer	2026-10-04T04:04:49.8978095Z CMake Warning:
framing (windows-2022)	Build independent C++ producer	2026-10-04T04:04:49.8978517Z   Manually-specified variables were not used by the project:
framing (windows-2022)	Build independent C++ producer	2026-10-04T04:04:49.8978854Z
framing (windows-2022)	Build independent C++ producer	2026-10-04T04:04:49.8978952Z     CMAKE_BUILD_TYPE
framing (windows-2022)	Build independent C++ producer	2026-10-04T04:04:49.8979071Z
framing (windows-2022)	Build independent C++ producer	2026-10-04T04:04:49.8979076Z
framing (windows-2022)	Build independent C++ producer	2026-10-04T04:04:49.8985221Z -- Build files have been written to: D:/a/file_manager/file_manager/orchestrator/.build/preview-frame-fixture
framing (windows-2022)	Build independent C++ producer	2026-10-04T04:04:50.0108209Z MSBuild version 17.14.60+43b635718 for .NET Framework
framing (windows-2022)	Build independent C++ producer	2026-10-04T04:04:50.0405890Z
framing (windows-2022)	Build independent C++ producer	2026-10-04T04:04:50.3943994Z   1>Checking Build System
framing (windows-2022)	Build independent C++ producer	2026-10-04T04:04:50.5270066Z   Building Custom Rule D:/a/file_manager/file_manager/orchestrator/experiments/preview_frame/fixture/CMakeLists.txt
framing (windows-2022)	Build independent C++ producer	2026-10-04T04:04:50.6707157Z   producer.cpp
framing (windows-2022)	Build independent C++ producer	2026-10-04T04:04:52.1446459Z   preview_frame_fixture.vcxproj -> D:\a\file_manager\file_manager\orchestrator\.build\preview-frame-fixture\Release\preview_frame_fixture.exe
framing (windows-2022)	Build independent C++ producer	2026-10-04T04:04:52.1935226Z   Building Custom Rule D:/a/file_manager/file_manager/orchestrator/experiments/preview_frame/fixture/CMakeLists.txt
framing (windows-2022)	Verify exact cross-language streamed pixels	﻿2026-10-04T04:04:52.2651573Z ##[group]Run set -euo pipefail
framing (windows-2022)	Verify exact cross-language streamed pixels	2026-10-04T04:04:52.2651966Z ^[[36;1mset -euo pipefail^[[0m
framing (windows-2022)	Verify exact cross-language streamed pixels	2026-10-04T04:04:52.2652649Z ^[[36;1mcargo +1.87.0 build --manifest-path orchestrator/experiments/preview_frame/Cargo.toml --locked --offline --bin consume --jobs 2 --target-dir orchestrator/.build/preview-frame^[[0m
framing (windows-2022)	Verify exact cross-language streamed pixels	2026-10-04T04:04:52.2653382Z ^[[36;1mif [ "$RUNNER_OS" = Windows ]; then^[[0m
framing (windows-2022)	Verify exact cross-language streamed pixels	2026-10-04T04:04:52.2653963Z ^[[36;1m  orchestrator/.build/preview-frame-fixture/Release/preview_frame_fixture.exe | orchestrator/.build/preview-frame/debug/consume.exe^[[0m
framing (windows-2022)	Verify exact cross-language streamed pixels	2026-10-04T04:04:52.2655049Z ^[[36;1melse^[[0m
framing (windows-2022)	Verify exact cross-language streamed pixels	2026-10-04T04:04:52.2655533Z ^[[36;1m  orchestrator/.build/preview-frame-fixture/preview_frame_fixture | orchestrator/.build/preview-frame/debug/consume^[[0m
framing (windows-2022)	Verify exact cross-language streamed pixels	2026-10-04T04:04:52.2656048Z ^[[36;1mfi^[[0m
framing (windows-2022)	Verify exact cross-language streamed pixels	2026-10-04T04:04:52.2666613Z shell: C:\Program Files\Git\bin\bash.EXE --noprofile --norc -e -o pipefail {0}
framing (windows-2022)	Verify exact cross-language streamed pixels	2026-10-04T04:04:52.2667000Z ##[endgroup]
framing (windows-2022)	Verify exact cross-language streamed pixels	2026-10-04T04:04:52.3942572Z     Finished `dev` profile [unoptimized + debuginfo] target(s) in 0.06s
framing (windows-2022)	Verify exact cross-language streamed pixels	2026-10-04T04:04:52.4224922Z independent C++ producer: exact 2x3 opaque BGRA fixture accepted
