framing (macos-26)	Check format, semantics and warnings	﻿2026-10-04T04:04:32.3714160Z ##[group]Run cargo +1.87.0 fmt --manifest-path orchestrator/experiments/preview_frame/Cargo.toml -- --check
framing (macos-26)	Check format, semantics and warnings	2026-10-04T04:04:32.3715300Z ^[[36;1mcargo +1.87.0 fmt --manifest-path orchestrator/experiments/preview_frame/Cargo.toml -- --check^[[0m
framing (macos-26)	Check format, semantics and warnings	2026-10-04T04:04:32.3716260Z ^[[36;1mcargo +1.87.0 test --manifest-path orchestrator/experiments/preview_frame/Cargo.toml --locked --offline --jobs 2 --target-dir orchestrator/.build/preview-frame^[[0m
framing (macos-26)	Check format, semantics and warnings	2026-10-04T04:04:32.3717390Z ^[[36;1mcargo +1.87.0 clippy --manifest-path orchestrator/experiments/preview_frame/Cargo.toml --locked --offline --all-targets --all-features --jobs 2 --target-dir orchestrator/.build/preview-frame -- -D warnings^[[0m
framing (macos-26)	Check format, semantics and warnings	2026-10-04T04:04:32.3764980Z shell: /bin/bash --noprofile --norc -e -o pipefail {0}
framing (macos-26)	Check format, semantics and warnings	2026-10-04T04:04:32.3765360Z ##[endgroup]
framing (macos-26)	Check format, semantics and warnings	2026-10-04T04:04:32.6743360Z    Compiling file-manager-preview-frame-lab v0.0.0 (/Users/runner/work/file_manager/file_manager/orchestrator/experiments/preview_frame)
framing (macos-26)	Check format, semantics and warnings	2026-10-04T04:04:35.0597710Z     Finished `test` profile [unoptimized + debuginfo] target(s) in 2.47s
framing (macos-26)	Check format, semantics and warnings	2026-10-04T04:04:35.0626500Z      Running unittests src/lib.rs (orchestrator/.build/preview-frame/debug/deps/file_manager_preview_frame_lab-6aeec05fb4452712)
framing (macos-26)	Check format, semantics and warnings	2026-10-04T04:04:35.0655090Z
framing (macos-26)	Check format, semantics and warnings	2026-10-04T04:04:35.0656160Z running 0 tests
framing (macos-26)	Check format, semantics and warnings	2026-10-04T04:04:35.0657370Z      Running unittests src/bin/consume.rs (orchestrator/.build/preview-frame/debug/deps/consume-effd5082479b1772)
framing (macos-26)	Check format, semantics and warnings	2026-10-04T04:04:35.0657880Z
framing (macos-26)	Check format, semantics and warnings	2026-10-04T04:04:35.0658300Z test result: ok. 0 passed; 0 failed; 0 ignored; 0 measured; 0 filtered out; finished in 0.00s
framing (macos-26)	Check format, semantics and warnings	2026-10-04T04:04:35.0658680Z
framing (macos-26)	Check format, semantics and warnings	2026-10-04T04:04:35.0685540Z
framing (macos-26)	Check format, semantics and warnings	2026-10-04T04:04:35.0686700Z running 0 tests
framing (macos-26)	Check format, semantics and warnings	2026-10-04T04:04:35.0687430Z
framing (macos-26)	Check format, semantics and warnings	2026-10-04T04:04:35.0689520Z      Running tests/framing.rs (orchestrator/.build/preview-frame/debug/deps/framing-bc4783460548974d)
framing (macos-26)	Check format, semantics and warnings	2026-10-04T04:04:35.0690600Z test result: ok. 0 passed; 0 failed; 0 ignored; 0 measured; 0 filtered out; finished in 0.00s
framing (macos-26)	Check format, semantics and warnings	2026-10-04T04:04:35.0702870Z
framing (macos-26)	Check format, semantics and warnings	2026-10-04T04:04:35.0725280Z
framing (macos-26)	Check format, semantics and warnings	2026-10-04T04:04:35.0729410Z running 6 tests
framing (macos-26)	Check format, semantics and warnings	2026-10-04T04:04:35.0729990Z test every_short_extent_is_truncated ... ok
framing (macos-26)	Check format, semantics and warnings	2026-10-04T04:04:35.0730560Z test invalid_header_fields_and_extreme_products_are_refused ... ok
framing (macos-26)	Check format, semantics and warnings	2026-10-04T04:04:35.0731080Z test every_split_and_single_byte_delivery_preserve_pixels ... ok
framing (macos-26)	Check format, semantics and warnings	2026-10-04T04:04:35.0731640Z test terminal_statuses_require_empty_geometry_and_payload ... ok
framing (macos-26)	Check format, semantics and warnings	2026-10-04T04:04:35.0732040Z test trailing_frames_and_nonopaque_bytes_never_publish ... ok
framing (macos-26)	Check format, semantics and warnings	2026-10-04T04:04:35.1178250Z test maximum_raster_is_admitted_and_zero_tickets_are_refused ... ok
framing (macos-26)	Check format, semantics and warnings	2026-10-04T04:04:35.1178680Z
framing (macos-26)	Check format, semantics and warnings	2026-10-04T04:04:35.1179240Z test result: ok. 6 passed; 0 failed; 0 ignored; 0 measured; 0 filtered out; finished in 0.05s
framing (macos-26)	Check format, semantics and warnings	2026-10-04T04:04:35.1179670Z
framing (macos-26)	Check format, semantics and warnings	2026-10-04T04:04:35.1182950Z    Doc-tests file_manager_preview_frame_lab
framing (macos-26)	Check format, semantics and warnings	2026-10-04T04:04:35.1586930Z
framing (macos-26)	Check format, semantics and warnings	2026-10-04T04:04:35.1587870Z running 0 tests
framing (macos-26)	Check format, semantics and warnings	2026-10-04T04:04:35.1588130Z
framing (macos-26)	Check format, semantics and warnings	2026-10-04T04:04:35.1588430Z test result: ok. 0 passed; 0 failed; 0 ignored; 0 measured; 0 filtered out; finished in 0.00s
framing (macos-26)	Check format, semantics and warnings	2026-10-04T04:04:35.1594940Z
framing (macos-26)	Check format, semantics and warnings	2026-10-04T04:04:35.2555710Z     Checking file-manager-preview-frame-lab v0.0.0 (/Users/runner/work/file_manager/file_manager/orchestrator/experiments/preview_frame)
framing (macos-26)	Check format, semantics and warnings	2026-10-04T04:04:35.4422930Z     Finished `dev` profile [unoptimized + debuginfo] target(s) in 0.22s
framing (macos-26)	Build independent C++ producer	﻿2026-10-04T04:04:35.4492650Z ##[group]Run cmake -S orchestrator/experiments/preview_frame/fixture -B orchestrator/.build/preview-frame-fixture -DCMAKE_BUILD_TYPE=Release
framing (macos-26)	Build independent C++ producer	2026-10-04T04:04:35.4493510Z ^[[36;1mcmake -S orchestrator/experiments/preview_frame/fixture -B orchestrator/.build/preview-frame-fixture -DCMAKE_BUILD_TYPE=Release^[[0m
framing (macos-26)	Build independent C++ producer	2026-10-04T04:04:35.4509930Z ^[[36;1mcmake --build orchestrator/.build/preview-frame-fixture --config Release --parallel 2^[[0m
framing (macos-26)	Build independent C++ producer	2026-10-04T04:04:35.4543860Z shell: /bin/bash --noprofile --norc -e -o pipefail {0}
framing (macos-26)	Build independent C++ producer	2026-10-04T04:04:35.4544240Z ##[endgroup]
framing (macos-26)	Build independent C++ producer	2026-10-04T04:04:36.4453940Z -- The CXX compiler identification is AppleClang 21.0.0.21000101
framing (macos-26)	Build independent C++ producer	2026-10-04T04:04:37.1680720Z -- Detecting CXX compiler ABI info
framing (macos-26)	Build independent C++ producer	2026-10-04T04:04:37.8731270Z -- Detecting CXX compiler ABI info - done
framing (macos-26)	Build independent C++ producer	2026-10-04T04:04:37.8885150Z -- Check for working CXX compiler: /usr/bin/c++ - skipped
framing (macos-26)	Build independent C++ producer	2026-10-04T04:04:37.8890890Z -- Detecting CXX compile features
framing (macos-26)	Build independent C++ producer	2026-10-04T04:04:37.8898250Z -- Detecting CXX compile features - done
framing (macos-26)	Build independent C++ producer	2026-10-04T04:04:37.8944570Z -- Configuring done (2.4s)
framing (macos-26)	Build independent C++ producer	2026-10-04T04:04:37.8992490Z -- Generating done (0.0s)
framing (macos-26)	Build independent C++ producer	2026-10-04T04:04:37.8999900Z -- Build files have been written to: /Users/runner/work/file_manager/file_manager/orchestrator/.build/preview-frame-fixture
framing (macos-26)	Build independent C++ producer	2026-10-04T04:04:37.9602730Z [ 50%] Building CXX object CMakeFiles/preview_frame_fixture.dir/producer.cpp.o
framing (macos-26)	Build independent C++ producer	2026-10-04T04:04:38.9185580Z [100%] Linking CXX executable preview_frame_fixture
framing (macos-26)	Build independent C++ producer	2026-10-04T04:04:38.9811650Z [100%] Built target preview_frame_fixture
framing (macos-26)	Verify exact cross-language streamed pixels	﻿2026-10-04T04:04:38.9942160Z ##[group]Run set -euo pipefail
framing (macos-26)	Verify exact cross-language streamed pixels	2026-10-04T04:04:38.9942540Z ^[[36;1mset -euo pipefail^[[0m
framing (macos-26)	Verify exact cross-language streamed pixels	2026-10-04T04:04:38.9943300Z ^[[36;1mcargo +1.87.0 build --manifest-path orchestrator/experiments/preview_frame/Cargo.toml --locked --offline --bin consume --jobs 2 --target-dir orchestrator/.build/preview-frame^[[0m
framing (macos-26)	Verify exact cross-language streamed pixels	2026-10-04T04:04:38.9944000Z ^[[36;1mif [ "$RUNNER_OS" = Windows ]; then^[[0m
framing (macos-26)	Verify exact cross-language streamed pixels	2026-10-04T04:04:38.9944600Z ^[[36;1m  orchestrator/.build/preview-frame-fixture/Release/preview_frame_fixture.exe | orchestrator/.build/preview-frame/debug/consume.exe^[[0m
framing (macos-26)	Verify exact cross-language streamed pixels	2026-10-04T04:04:38.9945190Z ^[[36;1melse^[[0m
framing (macos-26)	Verify exact cross-language streamed pixels	2026-10-04T04:04:38.9945660Z ^[[36;1m  orchestrator/.build/preview-frame-fixture/preview_frame_fixture | orchestrator/.build/preview-frame/debug/consume^[[0m
framing (macos-26)	Verify exact cross-language streamed pixels	2026-10-04T04:04:38.9946180Z ^[[36;1mfi^[[0m
framing (macos-26)	Verify exact cross-language streamed pixels	2026-10-04T04:04:38.9982680Z shell: /bin/bash --noprofile --norc -e -o pipefail {0}
framing (macos-26)	Verify exact cross-language streamed pixels	2026-10-04T04:04:38.9983040Z ##[endgroup]
framing (macos-26)	Verify exact cross-language streamed pixels	2026-10-04T04:04:39.0922090Z     Finished `dev` profile [unoptimized + debuginfo] target(s) in 0.04s
framing (macos-26)	Verify exact cross-language streamed pixels	2026-10-04T04:04:39.0991430Z independent C++ producer: exact 2x3 opaque BGRA fixture accepted
