framing (ubuntu-24.04)	Check format, semantics and warnings	﻿2026-10-04T04:04:24.9237259Z ##[group]Run cargo +1.87.0 fmt --manifest-path orchestrator/experiments/preview_frame/Cargo.toml -- --check
framing (ubuntu-24.04)	Check format, semantics and warnings	2026-10-04T04:04:24.9238107Z ^[[36;1mcargo +1.87.0 fmt --manifest-path orchestrator/experiments/preview_frame/Cargo.toml -- --check^[[0m
framing (ubuntu-24.04)	Check format, semantics and warnings	2026-10-04T04:04:24.9239440Z ^[[36;1mcargo +1.87.0 test --manifest-path orchestrator/experiments/preview_frame/Cargo.toml --locked --offline --jobs 2 --target-dir orchestrator/.build/preview-frame^[[0m
framing (ubuntu-24.04)	Check format, semantics and warnings	2026-10-04T04:04:24.9240754Z ^[[36;1mcargo +1.87.0 clippy --manifest-path orchestrator/experiments/preview_frame/Cargo.toml --locked --offline --all-targets --all-features --jobs 2 --target-dir orchestrator/.build/preview-frame -- -D warnings^[[0m
framing (ubuntu-24.04)	Check format, semantics and warnings	2026-10-04T04:04:24.9306779Z shell: /usr/bin/bash --noprofile --norc -e -o pipefail {0}
framing (ubuntu-24.04)	Check format, semantics and warnings	2026-10-04T04:04:24.9307168Z ##[endgroup]
framing (ubuntu-24.04)	Check format, semantics and warnings	2026-10-04T04:04:25.0279063Z    Compiling file-manager-preview-frame-lab v0.0.0 (/home/runner/work/file_manager/file_manager/orchestrator/experiments/preview_frame)
framing (ubuntu-24.04)	Check format, semantics and warnings	2026-10-04T04:04:25.5726077Z     Finished `test` profile [unoptimized + debuginfo] target(s) in 0.57s
framing (ubuntu-24.04)	Check format, semantics and warnings	2026-10-04T04:04:25.5730033Z      Running unittests src/lib.rs (orchestrator/.build/preview-frame/debug/deps/file_manager_preview_frame_lab-1dab924ae472b068)
framing (ubuntu-24.04)	Check format, semantics and warnings	2026-10-04T04:04:25.5744461Z
framing (ubuntu-24.04)	Check format, semantics and warnings	2026-10-04T04:04:25.5744727Z running 0 tests
framing (ubuntu-24.04)	Check format, semantics and warnings	2026-10-04T04:04:25.5745198Z
framing (ubuntu-24.04)	Check format, semantics and warnings	2026-10-04T04:04:25.5745825Z test result: ok. 0 passed; 0 failed; 0 ignored; 0 measured; 0 filtered out; finished in 0.00s
framing (ubuntu-24.04)	Check format, semantics and warnings	2026-10-04T04:04:25.5750076Z      Running unittests src/bin/consume.rs (orchestrator/.build/preview-frame/debug/deps/consume-b451ab68f517167d)
framing (ubuntu-24.04)	Check format, semantics and warnings	2026-10-04T04:04:25.5751046Z
framing (ubuntu-24.04)	Check format, semantics and warnings	2026-10-04T04:04:25.5758415Z
framing (ubuntu-24.04)	Check format, semantics and warnings	2026-10-04T04:04:25.5759274Z running 0 tests
framing (ubuntu-24.04)	Check format, semantics and warnings	2026-10-04T04:04:25.5759669Z
framing (ubuntu-24.04)	Check format, semantics and warnings	2026-10-04T04:04:25.5760189Z test result: ok. 0 passed; 0 failed; 0 ignored; 0 measured; 0 filtered out; finished in 0.00s
framing (ubuntu-24.04)	Check format, semantics and warnings	2026-10-04T04:04:25.5760897Z
framing (ubuntu-24.04)	Check format, semantics and warnings	2026-10-04T04:04:25.5763767Z      Running tests/framing.rs (orchestrator/.build/preview-frame/debug/deps/framing-5c5da0416e69defc)
framing (ubuntu-24.04)	Check format, semantics and warnings	2026-10-04T04:04:25.5772702Z
framing (ubuntu-24.04)	Check format, semantics and warnings	2026-10-04T04:04:25.5773069Z running 6 tests
framing (ubuntu-24.04)	Check format, semantics and warnings	2026-10-04T04:04:25.5779771Z test invalid_header_fields_and_extreme_products_are_refused ... ok
framing (ubuntu-24.04)	Check format, semantics and warnings	2026-10-04T04:04:25.5780572Z test every_short_extent_is_truncated ... ok
framing (ubuntu-24.04)	Check format, semantics and warnings	2026-10-04T04:04:25.5781447Z test every_split_and_single_byte_delivery_preserve_pixels ... ok
framing (ubuntu-24.04)	Check format, semantics and warnings	2026-10-04T04:04:25.5782404Z test terminal_statuses_require_empty_geometry_and_payload ... ok
framing (ubuntu-24.04)	Check format, semantics and warnings	2026-10-04T04:04:25.5783405Z test trailing_frames_and_nonopaque_bytes_never_publish ... ok
framing (ubuntu-24.04)	Check format, semantics and warnings	2026-10-04T04:04:25.6402383Z test maximum_raster_is_admitted_and_zero_tickets_are_refused ... ok
framing (ubuntu-24.04)	Check format, semantics and warnings	2026-10-04T04:04:25.6403186Z
framing (ubuntu-24.04)	Check format, semantics and warnings	2026-10-04T04:04:25.6403602Z test result: ok. 6 passed; 0 failed; 0 ignored; 0 measured; 0 filtered out; finished in 0.06s
framing (ubuntu-24.04)	Check format, semantics and warnings	2026-10-04T04:04:25.6404211Z    Doc-tests file_manager_preview_frame_lab
framing (ubuntu-24.04)	Check format, semantics and warnings	2026-10-04T04:04:25.6404496Z
framing (ubuntu-24.04)	Check format, semantics and warnings	2026-10-04T04:04:25.6549339Z
framing (ubuntu-24.04)	Check format, semantics and warnings	2026-10-04T04:04:25.6549864Z running 0 tests
framing (ubuntu-24.04)	Check format, semantics and warnings	2026-10-04T04:04:25.6550153Z
framing (ubuntu-24.04)	Check format, semantics and warnings	2026-10-04T04:04:25.6550507Z test result: ok. 0 passed; 0 failed; 0 ignored; 0 measured; 0 filtered out; finished in 0.00s
framing (ubuntu-24.04)	Check format, semantics and warnings	2026-10-04T04:04:25.6550924Z
framing (ubuntu-24.04)	Check format, semantics and warnings	2026-10-04T04:04:25.7184764Z     Checking file-manager-preview-frame-lab v0.0.0 (/home/runner/work/file_manager/file_manager/orchestrator/experiments/preview_frame)
framing (ubuntu-24.04)	Check format, semantics and warnings	2026-10-04T04:04:25.9006367Z     Finished `dev` profile [unoptimized + debuginfo] target(s) in 0.21s
framing (ubuntu-24.04)	Build independent C++ producer	﻿2026-10-04T04:04:25.9065683Z ##[group]Run cmake -S orchestrator/experiments/preview_frame/fixture -B orchestrator/.build/preview-frame-fixture -DCMAKE_BUILD_TYPE=Release
framing (ubuntu-24.04)	Build independent C++ producer	2026-10-04T04:04:25.9066957Z ^[[36;1mcmake -S orchestrator/experiments/preview_frame/fixture -B orchestrator/.build/preview-frame-fixture -DCMAKE_BUILD_TYPE=Release^[[0m
framing (ubuntu-24.04)	Build independent C++ producer	2026-10-04T04:04:25.9067765Z ^[[36;1mcmake --build orchestrator/.build/preview-frame-fixture --config Release --parallel 2^[[0m
framing (ubuntu-24.04)	Build independent C++ producer	2026-10-04T04:04:25.9131540Z shell: /usr/bin/bash --noprofile --norc -e -o pipefail {0}
framing (ubuntu-24.04)	Build independent C++ producer	2026-10-04T04:04:25.9131915Z ##[endgroup]
framing (ubuntu-24.04)	Build independent C++ producer	2026-10-04T04:04:26.6814179Z -- The CXX compiler identification is GNU 13.3.0
framing (ubuntu-24.04)	Build independent C++ producer	2026-10-04T04:04:26.7901219Z -- Detecting CXX compiler ABI info
framing (ubuntu-24.04)	Build independent C++ producer	2026-10-04T04:04:26.9796260Z -- Detecting CXX compiler ABI info - done
framing (ubuntu-24.04)	Build independent C++ producer	2026-10-04T04:04:26.9973312Z -- Check for working CXX compiler: /usr/bin/c++ - skipped
framing (ubuntu-24.04)	Build independent C++ producer	2026-10-04T04:04:27.0023418Z -- Detecting CXX compile features
framing (ubuntu-24.04)	Build independent C++ producer	2026-10-04T04:04:27.0070999Z -- Detecting CXX compile features - done
framing (ubuntu-24.04)	Build independent C++ producer	2026-10-04T04:04:27.0272017Z -- Configuring done (0.7s)
framing (ubuntu-24.04)	Build independent C++ producer	2026-10-04T04:04:27.0304275Z -- Generating done (0.0s)
framing (ubuntu-24.04)	Build independent C++ producer	2026-10-04T04:04:27.0307461Z -- Build files have been written to: /home/runner/work/file_manager/file_manager/orchestrator/.build/preview-frame-fixture
framing (ubuntu-24.04)	Build independent C++ producer	2026-10-04T04:04:27.0513999Z [ 50%] Building CXX object CMakeFiles/preview_frame_fixture.dir/producer.cpp.o
framing (ubuntu-24.04)	Build independent C++ producer	2026-10-04T04:04:27.2102188Z [100%] Linking CXX executable preview_frame_fixture
framing (ubuntu-24.04)	Build independent C++ producer	2026-10-04T04:04:27.2414548Z [100%] Built target preview_frame_fixture
framing (ubuntu-24.04)	Verify exact cross-language streamed pixels	﻿2026-10-04T04:04:27.2478161Z ##[group]Run set -euo pipefail
framing (ubuntu-24.04)	Verify exact cross-language streamed pixels	2026-10-04T04:04:27.2478511Z ^[[36;1mset -euo pipefail^[[0m
framing (ubuntu-24.04)	Verify exact cross-language streamed pixels	2026-10-04T04:04:27.2479560Z ^[[36;1mcargo +1.87.0 build --manifest-path orchestrator/experiments/preview_frame/Cargo.toml --locked --offline --bin consume --jobs 2 --target-dir orchestrator/.build/preview-frame^[[0m
framing (ubuntu-24.04)	Verify exact cross-language streamed pixels	2026-10-04T04:04:27.2480360Z ^[[36;1mif [ "$RUNNER_OS" = Windows ]; then^[[0m
framing (ubuntu-24.04)	Verify exact cross-language streamed pixels	2026-10-04T04:04:27.2481000Z ^[[36;1m  orchestrator/.build/preview-frame-fixture/Release/preview_frame_fixture.exe | orchestrator/.build/preview-frame/debug/consume.exe^[[0m
framing (ubuntu-24.04)	Verify exact cross-language streamed pixels	2026-10-04T04:04:27.2481606Z ^[[36;1melse^[[0m
framing (ubuntu-24.04)	Verify exact cross-language streamed pixels	2026-10-04T04:04:27.2482115Z ^[[36;1m  orchestrator/.build/preview-frame-fixture/preview_frame_fixture | orchestrator/.build/preview-frame/debug/consume^[[0m
framing (ubuntu-24.04)	Verify exact cross-language streamed pixels	2026-10-04T04:04:27.2482672Z ^[[36;1mfi^[[0m
framing (ubuntu-24.04)	Verify exact cross-language streamed pixels	2026-10-04T04:04:27.2546186Z shell: /usr/bin/bash --noprofile --norc -e -o pipefail {0}
framing (ubuntu-24.04)	Verify exact cross-language streamed pixels	2026-10-04T04:04:27.2546553Z ##[endgroup]
framing (ubuntu-24.04)	Verify exact cross-language streamed pixels	2026-10-04T04:04:27.3012841Z     Finished `dev` profile [unoptimized + debuginfo] target(s) in 0.03s
framing (ubuntu-24.04)	Verify exact cross-language streamed pixels	2026-10-04T04:04:27.3036081Z independent C++ producer: exact 2x3 opaque BGRA fixture accepted
