Start testing: Oct 04 03:47 UTC
----------------------------------------------------------
1/2 Testing: preview_process_lifecycle
1/2 Test: preview_process_lifecycle
Command: "/home/runner/work/file_manager/file_manager/orchestrator/.build/preview-process/preview_process" "--lifecycle"
Directory: /home/runner/work/file_manager/file_manager/orchestrator/.build/preview-process
"preview_process_lifecycle" start time: Oct 04 03:47 UTC
Output:
----------------------------------------------------------
case=baseline launched=1 reaped=1 timeout=0 failed=0 exit=0 elapsed_ms=5
case=nonzero-exit launched=1 reaped=1 timeout=0 failed=0 exit=23 elapsed_ms=5
case=cancel-and-reap launched=1 reaped=1 timeout=1 failed=0 exit=137 elapsed_ms=253
case=recovery launched=1 reaped=1 timeout=0 failed=0 exit=0 elapsed_ms=5
case=cancel-and-reap launched=1 reaped=1 timeout=1 failed=0 exit=137 elapsed_ms=253
case=recovery launched=1 reaped=1 timeout=0 failed=0 exit=0 elapsed_ms=5
case=cancel-and-reap launched=1 reaped=1 timeout=1 failed=0 exit=137 elapsed_ms=253
case=recovery launched=1 reaped=1 timeout=0 failed=0 exit=0 elapsed_ms=5
case=cancel-and-reap launched=1 reaped=1 timeout=1 failed=0 exit=137 elapsed_ms=253
case=recovery launched=1 reaped=1 timeout=0 failed=0 exit=0 elapsed_ms=5
<end of output>
Test time =   1.05 sec
----------------------------------------------------------
Test Passed.
"preview_process_lifecycle" end time: Oct 04 03:47 UTC
"preview_process_lifecycle" time elapsed: 00:00:01
----------------------------------------------------------

2/2 Testing: preview_process_memory
2/2 Test: preview_process_memory
Command: "/home/runner/work/file_manager/file_manager/orchestrator/.build/preview-process/preview_process" "--memory-probe"
Directory: /home/runner/work/file_manager/file_manager/orchestrator/.build/preview-process
"preview_process_memory" start time: Oct 04 03:47 UTC
Output:
----------------------------------------------------------
case=unlimited-384MiB-control launched=1 reaped=1 timeout=0 failed=0 exit=21 elapsed_ms=5
case=--child-memory launched=1 reaped=1 timeout=0 failed=0 exit=20 elapsed_ms=5
<end of output>
Test time =   0.01 sec
----------------------------------------------------------
Test Passed.
"preview_process_memory" end time: Oct 04 03:47 UTC
"preview_process_memory" time elapsed: 00:00:00
----------------------------------------------------------

End testing: Oct 04 03:47 UTC
