Start testing: Oct 04 03:48 Coordinated Universal Time
----------------------------------------------------------
1/2 Testing: preview_process_lifecycle
1/2 Test: preview_process_lifecycle
Command: "D:/a/file_manager/file_manager/orchestrator/.build/preview-process/Release/preview_process.exe" "--lifecycle"
Directory: D:/a/file_manager/file_manager/orchestrator/.build/preview-process
"preview_process_lifecycle" start time: Oct 04 03:48 Coordinated Universal Time
Output:
----------------------------------------------------------
case=baseline launched=1 reaped=1 timeout=0 failed=0 exit=0 elapsed_ms=16
case=nonzero-exit launched=1 reaped=1 timeout=0 failed=0 exit=23 elapsed_ms=15
case=cancel-and-reap launched=1 reaped=1 timeout=1 failed=0 exit=125 elapsed_ms=248
case=recovery launched=1 reaped=1 timeout=0 failed=0 exit=0 elapsed_ms=18
case=cancel-and-reap launched=1 reaped=1 timeout=1 failed=0 exit=125 elapsed_ms=247
case=recovery launched=1 reaped=1 timeout=0 failed=0 exit=0 elapsed_ms=16
case=cancel-and-reap launched=1 reaped=1 timeout=1 failed=0 exit=125 elapsed_ms=248
case=recovery launched=1 reaped=1 timeout=0 failed=0 exit=0 elapsed_ms=16
case=cancel-and-reap launched=1 reaped=1 timeout=1 failed=0 exit=125 elapsed_ms=249
case=recovery launched=1 reaped=1 timeout=0 failed=0 exit=0 elapsed_ms=16
<end of output>
Test time =   1.10 sec
----------------------------------------------------------
Test Passed.
"preview_process_lifecycle" end time: Oct 04 03:48 Coordinated Universal Time
"preview_process_lifecycle" time elapsed: 00:00:01
----------------------------------------------------------

2/2 Testing: preview_process_memory
2/2 Test: preview_process_memory
Command: "D:/a/file_manager/file_manager/orchestrator/.build/preview-process/Release/preview_process.exe" "--memory-probe"
Directory: D:/a/file_manager/file_manager/orchestrator/.build/preview-process
"preview_process_memory" start time: Oct 04 03:48 Coordinated Universal Time
Output:
----------------------------------------------------------
case=unlimited-384MiB-control launched=1 reaped=1 timeout=0 failed=0 exit=21 elapsed_ms=15
case=--child-memory launched=1 reaped=1 timeout=0 failed=0 exit=20 elapsed_ms=15
<end of output>
Test time =   0.04 sec
----------------------------------------------------------
Test Passed.
"preview_process_memory" end time: Oct 04 03:48 Coordinated Universal Time
"preview_process_memory" time elapsed: 00:00:00
----------------------------------------------------------

End testing: Oct 04 03:48 Coordinated Universal Time
